91.188.124.225 - - [22/Jul/2014:02:43:14 -0400] "GET http://92.222.28.46/httptest.php HTTP/1.1" 404 210
91.188.124.225 - - [22/Jul/2014:02:43:14 -0400] "GET http://www.google.com/search?q=praca HTTP/1.1" 404 204
74.207.246.143 - - [22/Jul/2014:02:50:59 -0400] "GET / HTTP/1.0" 403 5039
168.144.67.144 - - [22/Jul/2014:04:41:12 -0400] "GET /languages/flags/ptt_bbrr.gif HTTP/1.1" 400 226
91.188.124.225 - - [22/Jul/2014:04:43:14 -0400] "GET http://92.222.28.46/httptest.php HTTP/1.1" 404 210
91.188.124.225 - - [22/Jul/2014:04:43:15 -0400] "GET http://www.google.com/search?q=google HTTP/1.1" 404 204
91.188.124.225 - - [22/Jul/2014:06:45:14 -0400] "GET http://92.222.28.46/httptest.php HTTP/1.1" 404 210
91.188.124.225 - - [22/Jul/2014:06:45:15 -0400] "GET http://www.google.com/search?q=praca HTTP/1.1" 404 204
74.207.246.143 - - [22/Jul/2014:07:03:50 -0400] "GET / HTTP/1.0" 403 5039
221.122.66.199 - - [22/Jul/2014:08:05:46 -0400] "HEAD / HTTP/1.0" 403 -
91.188.124.225 - - [22/Jul/2014:08:47:27 -0400] "GET http://92.222.28.46/httptest.php HTTP/1.1" 404 210
91.188.124.225 - - [22/Jul/2014:08:47:28 -0400] "GET http://www.google.com/search?q=google HTTP/1.1" 404 204
91.188.124.225 - - [22/Jul/2014:10:47:27 -0400] "GET http://www.google.com/search?q=onet.pl HTTP/1.1" 404 204
91.188.124.225 - - [22/Jul/2014:10:47:39 -0400] "GET http://92.222.28.46/httptest.php HTTP/1.1" 404 210
91.188.124.225 - - [22/Jul/2014:12:44:27 -0400] "GET http://92.222.28.46/httptest.php HTTP/1.1" 404 210
91.188.124.225 - - [22/Jul/2014:12:44:28 -0400] "GET http://www.google.com/search?q=onet.pl HTTP/1.1" 404 204
122.226.223.85 - - [22/Jul/2014:13:53:45 -0400] "GET /manager/html HTTP/1.1" 404 210
74.207.246.143 - - [22/Jul/2014:14:34:53 -0400] "GET / HTTP/1.0" 403 5039
91.188.124.225 - - [22/Jul/2014:14:46:27 -0400] "GET http://92.222.28.46/httptest.php HTTP/1.1" 404 210
91.188.124.225 - - [22/Jul/2014:14:46:27 -0400] "GET http://www.google.com/search?q=ostro%C5%82%C4%99ka HTTP/1.1" 404 204
91.188.124.225 - - [22/Jul/2014:16:46:28 -0400] "GET http://92.222.28.46/httptest.php HTTP/1.1" 404 210
91.188.124.225 - - [22/Jul/2014:16:46:28 -0400] "GET http://www.google.com/search?q=google HTTP/1.1" 404 204
107.22.198.186 - - [22/Jul/2014:17:57:56 -0400] "HEAD / HTTP/1.0" 403 -
60.173.8.240 - - [22/Jul/2014:18:13:35 -0400] "GET http://www.soso.com/ HTTP/1.1" 403 5039
60.173.8.240 - - [22/Jul/2014:18:13:37 -0400] "GET http://www.soso.com/ HTTP/1.1" 403 5039
60.173.8.240 - - [22/Jul/2014:18:13:38 -0400] "GET http://www.soso.com/ HTTP/1.1" 403 5039
91.188.124.225 - - [22/Jul/2014:18:43:27 -0400] "GET http://92.222.28.46/httptest.php HTTP/1.1" 404 210
91.188.124.225 - - [22/Jul/2014:18:43:28 -0400] "GET http://www.google.com/search?q=google HTTP/1.1" 404 204
117.27.158.108 - - [22/Jul/2014:20:13:27 -0400] "GET /manager/html HTTP/1.1" 404 210
91.188.124.225 - - [22/Jul/2014:20:33:52 -0400] "GET http://www.google.com/search?q=polska+najlepsza HTTP/1.1" 404 204
91.188.124.225 - - [22/Jul/2014:20:33:52 -0400] "GET http://92.222.28.46/httptest.php HTTP/1.1" 404 210
91.188.124.225 - - [22/Jul/2014:20:34:02 -0400] "GET http://www.google.com/search?q=wakacje HTTP/1.1" 404 204
91.188.124.225 - - [22/Jul/2014:20:34:02 -0400] "GET http://92.222.28.46/httptest.php HTTP/1.1" 404 210
91.188.124.225 - - [22/Jul/2014:22:25:52 -0400] "GET http://92.222.28.46/httptest.php HTTP/1.1" 404 210
91.188.124.225 - - [22/Jul/2014:22:25:53 -0400] "GET http://www.google.com/search?q=praca HTTP/1.1" 404 204
91.188.124.225 - - [22/Jul/2014:22:26:02 -0400] "GET http://92.222.28.46/httptest.php HTTP/1.1" 404 210
91.188.124.225 - - [22/Jul/2014:22:26:02 -0400] "GET http://www.google.com/search?q=polska+najlepsza HTTP/1.1" 404 204
91.188.124.225 - - [23/Jul/2014:00:21:50 -0400] "GET http://92.222.28.46/httptest.php HTTP/1.1" 404 210
91.188.124.225 - - [23/Jul/2014:00:21:52 -0400] "GET http://www.google.com/search?q=wakacje HTTP/1.1" 404 204
91.188.124.225 - - [23/Jul/2014:00:22:03 -0400] "GET http://92.222.28.46/httptest.php HTTP/1.1" 404 210
91.188.124.225 - - [23/Jul/2014:00:22:03 -0400] "GET http://www.google.com/search?q=onet.pl HTTP/1.1" 404 204
74.207.246.143 - - [23/Jul/2014:02:08:31 -0400] "GET / HTTP/1.0" 403 5039
91.188.124.225 - - [23/Jul/2014:02:18:52 -0400] "GET http://92.222.28.46/httptest.php HTTP/1.1" 404 210
91.188.124.225 - - [23/Jul/2014:02:18:53 -0400] "GET http://www.google.com/search?q=praca HTTP/1.1" 404 204
91.188.124.225 - - [23/Jul/2014:02:19:02 -0400] "GET http://92.222.28.46/httptest.php HTTP/1.1" 404 210
91.188.124.225 - - [23/Jul/2014:02:19:02 -0400] "GET http://www.google.com/search?q=polska+najlepsza HTTP/1.1" 404 204
174.139.1.202 - - [23/Jul/2014:04:21:15 -0400] "GET /web-console/ServerInfo.jsp HTTP/1.1" 404 224
91.188.124.225 - - [23/Jul/2014:04:28:53 -0400] "GET http://92.222.28.46/httptest.php HTTP/1.1" 404 210
91.188.124.225 - - [23/Jul/2014:04:28:53 -0400] "GET http://www.google.com/search?q=wczasy HTTP/1.1" 404 204
91.188.124.225 - - [23/Jul/2014:04:29:02 -0400] "GET http://92.222.28.46/httptest.php HTTP/1.1" 404 210
91.188.124.225 - - [23/Jul/2014:04:29:02 -0400] "GET http://www.google.com/search?q=polska+najlepsza HTTP/1.1" 404 204
91.188.124.225 - - [23/Jul/2014:06:38:52 -0400] "GET http://92.222.28.46/httptest.php HTTP/1.1" 404 210
91.188.124.225 - - [23/Jul/2014:06:38:54 -0400] "GET http://www.google.com/search?q=ostro%C5%82%C4%99ka HTTP/1.1" 404 204
91.188.124.225 - - [23/Jul/2014:06:39:02 -0400] "GET http://92.222.28.46/httptest.php HTTP/1.1" 404 210
91.188.124.225 - - [23/Jul/2014:06:39:02 -0400] "GET http://www.google.com/search?q=polska+najlepsza HTTP/1.1" 404 204
91.188.124.232 - - [23/Jul/2014:07:18:29 -0400] "GET http://37.28.156.211/sprawdza.php HTTP/1.1" 404 210
91.188.124.225 - - [23/Jul/2014:08:48:54 -0400] "GET http://92.222.28.46/httptest.php HTTP/1.1" 404 210
91.188.124.225 - - [23/Jul/2014:08:48:55 -0400] "GET http://www.google.com/search?q=google HTTP/1.1" 404 204
91.188.124.225 - - [23/Jul/2014:08:49:03 -0400] "GET http://92.222.28.46/httptest.php HTTP/1.1" 404 210
91.188.124.225 - - [23/Jul/2014:08:49:03 -0400] "GET http://www.google.com/search?q=onet.pl HTTP/1.1" 404 204
173.230.155.62 - - [23/Jul/2014:09:19:16 -0400] "GET / HTTP/1.0" 403 5039
64.231.199.101 - - [23/Jul/2014:09:23:39 -0400] "\x80w\x01\x03\x01" 501 207
64.231.199.101 - - [23/Jul/2014:09:23:39 -0400] "GET /HNAP1/ HTTP/1.1" 404 204
74.207.246.143 - - [23/Jul/2014:09:39:17 -0400] "GET / HTTP/1.0" 403 5039
91.188.124.225 - - [23/Jul/2014:11:02:15 -0400] "GET http://92.222.28.46/httptest.php HTTP/1.1" 404 210
91.188.124.225 - - [23/Jul/2014:11:02:16 -0400] "GET http://www.google.com/search?q=polska+najlepsza HTTP/1.1" 404 204
91.188.124.225 - - [23/Jul/2014:13:12:51 -0400] "GET http://92.222.28.46/httptest.php HTTP/1.1" 404 210
91.188.124.225 - - [23/Jul/2014:13:12:53 -0400] "GET http://www.google.com/search?q=wakacje HTTP/1.1" 404 204
91.188.124.225 - - [23/Jul/2014:13:13:03 -0400] "GET http://92.222.28.46/httptest.php HTTP/1.1" 404 210
91.188.124.225 - - [23/Jul/2014:13:13:03 -0400] "GET http://www.google.com/search?q=ostro%C5%82%C4%99ka HTTP/1.1" 404 204
173.255.212.158 - - [23/Jul/2014:13:38:41 -0400] "GET / HTTP/1.0" 403 5039
93.174.93.51 - - [23/Jul/2014:14:45:13 -0400] "GET http://ipv4scan.com/hello/check.txt HTTP/1.1" 404 213
91.188.124.225 - - [23/Jul/2014:15:22:53 -0400] "GET http://92.222.28.46/httptest.php HTTP/1.1" 404 210
91.188.124.225 - - [23/Jul/2014:15:22:54 -0400] "GET http://www.google.com/search?q=polska+najlepsza HTTP/1.1" 404 204
91.188.124.225 - - [23/Jul/2014:15:23:04 -0400] "GET http://www.google.com/search?q=polska+najlepsza HTTP/1.1" 404 204
91.188.124.225 - - [23/Jul/2014:15:23:04 -0400] "GET http://92.222.28.46/httptest.php HTTP/1.1" 404 210
173.255.212.158 - - [23/Jul/2014:15:25:32 -0400] "GET / HTTP/1.0" 403 5039
91.188.124.225 - - [23/Jul/2014:17:26:53 -0400] "GET http://92.222.28.46/httptest.php HTTP/1.1" 404 210
91.188.124.225 - - [23/Jul/2014:17:26:53 -0400] "GET http://www.google.com/search?q=google HTTP/1.1" 404 204
91.188.124.225 - - [23/Jul/2014:17:27:03 -0400] "GET http://92.222.28.46/httptest.php HTTP/1.1" 404 210
91.188.124.225 - - [23/Jul/2014:17:27:03 -0400] "GET http://www.google.com/search?q=onet.pl HTTP/1.1" 404 204
91.188.124.232 - - [23/Jul/2014:19:04:15 -0400] "GET http://37.28.156.211/sprawdza.php HTTP/1.1" 404 210
91.188.124.225 - - [23/Jul/2014:19:31:52 -0400] "GET http://92.222.28.46/httptest.php HTTP/1.1" 404 210
91.188.124.225 - - [23/Jul/2014:19:31:54 -0400] "GET http://www.google.com/search?q=polska+najlepsza HTTP/1.1" 404 204
91.188.124.225 - - [23/Jul/2014:19:32:02 -0400] "GET http://92.222.28.46/httptest.php HTTP/1.1" 404 210
91.188.124.225 - - [23/Jul/2014:19:32:02 -0400] "GET http://www.google.com/search?q=google HTTP/1.1" 404 204
91.188.124.225 - - [23/Jul/2014:21:34:53 -0400] "GET http://www.google.com/search?q=google HTTP/1.1" 404 204
91.188.124.225 - - [23/Jul/2014:21:34:53 -0400] "GET http://92.222.28.46/httptest.php HTTP/1.1" 404 210
91.188.124.225 - - [23/Jul/2014:21:35:03 -0400] "GET http://92.222.28.46/httptest.php HTTP/1.1" 404 210
91.188.124.225 - - [23/Jul/2014:21:35:04 -0400] "GET http://www.google.com/search?q=wp.pl HTTP/1.1" 404 204
91.188.124.225 - - [23/Jul/2014:23:56:13 -0400] "GET http://www.google.com/search?q=wczasy HTTP/1.1" 404 204
91.188.124.225 - - [23/Jul/2014:23:56:13 -0400] "GET http://92.222.28.46/httptest.php HTTP/1.1" 404 210
91.188.124.225 - - [24/Jul/2014:01:48:15 -0400] "GET http://92.222.28.46/httptest.php HTTP/1.1" 404 210
91.188.124.225 - - [24/Jul/2014:01:48:15 -0400] "GET http://www.google.com/search?q=google HTTP/1.1" 404 204
173.230.155.62 - - [24/Jul/2014:04:39:56 -0400] "GET / HTTP/1.0" 403 5039
91.188.124.225 - - [24/Jul/2014:05:33:14 -0400] "GET http://92.222.28.46/httptest.php HTTP/1.1" 404 210
91.188.124.225 - - [24/Jul/2014:05:33:14 -0400] "GET http://www.google.com/search?q=polska+najlepsza HTTP/1.1" 404 204
173.230.155.62 - - [24/Jul/2014:06:38:44 -0400] "GET / HTTP/1.0" 403 5039
98.172.69.141 - - [24/Jul/2014:06:40:31 -0400] "\x80w\x01\x03\x01" 501 207
98.172.69.141 - - [24/Jul/2014:06:40:31 -0400] "GET /HNAP1/ HTTP/1.1" 404 204
91.188.124.225 - - [24/Jul/2014:07:25:15 -0400] "GET http://92.222.28.46/httptest.php HTTP/1.1" 404 210
91.188.124.225 - - [24/Jul/2014:07:25:15 -0400] "GET http://www.google.com/search?q=polska+najlepsza HTTP/1.1" 404 204
178.19.99.22 - - [24/Jul/2014:10:54:08 -0400] "GET http://37.28.156.211/sprawdza.php HTTP/1.1" 404 210
91.188.124.225 - - [24/Jul/2014:11:15:15 -0400] "GET http://92.222.28.46/httptest.php HTTP/1.1" 404 210
91.188.124.225 - - [24/Jul/2014:11:15:16 -0400] "GET http://www.google.com/search?q=onet.pl HTTP/1.1" 404 204
107.22.238.121 - - [24/Jul/2014:12:05:48 -0400] "HEAD / HTTP/1.0" 403 -
91.188.124.225 - - [24/Jul/2014:13:12:27 -0400] "GET http://www.google.com/search?q=wp.pl HTTP/1.1" 404 204
91.188.124.225 - - [24/Jul/2014:13:12:27 -0400] "GET http://92.222.28.46/httptest.php HTTP/1.1" 404 210
205.209.161.195 - - [24/Jul/2014:13:28:24 -0400] "GET /web-console/ServerInfo.jsp HTTP/1.1" 404 224
67.229.56.34 - - [24/Jul/2014:14:49:20 -0400] "GET /web-console/ServerInfo.jsp HTTP/1.1" 404 224
91.188.124.225 - - [24/Jul/2014:14:54:40 -0400] "GET http://92.222.28.46/httptest.php HTTP/1.1" 404 210
91.188.124.225 - - [24/Jul/2014:14:54:40 -0400] "GET http://www.google.com/search?q=onet.pl HTTP/1.1" 404 204
91.188.124.225 - - [24/Jul/2014:16:13:14 -0400] "GET http://92.222.28.46/httptest.php HTTP/1.1" 404 210
91.188.124.225 - - [24/Jul/2014:16:13:15 -0400] "GET http://www.google.com/search?q=polska+najlepsza HTTP/1.1" 404 204
91.188.124.225 - - [24/Jul/2014:17:33:27 -0400] "GET http://92.222.28.46/httptest.php HTTP/1.1" 404 210
91.188.124.225 - - [24/Jul/2014:17:33:28 -0400] "GET http://www.google.com/search?q=wczasy HTTP/1.1" 404 204
82.221.109.194 - - [24/Jul/2014:18:41:02 -0400] "HEAD /rom-0 HTTP/1.1" 404 -
91.188.124.225 - - [24/Jul/2014:18:52:40 -0400] "GET http://92.222.28.46/httptest.php HTTP/1.1" 404 210
91.188.124.225 - - [24/Jul/2014:18:52:40 -0400] "GET http://www.google.com/search?q=wakacje HTTP/1.1" 404 204
91.188.124.225 - - [24/Jul/2014:22:33:38 -0400] "GET http://92.222.28.46/httptest.php HTTP/1.1" 404 210
91.188.124.225 - - [24/Jul/2014:22:33:38 -0400] "GET http://www.google.com/search?q=onet.pl HTTP/1.1" 404 204
60.173.8.240 - - [24/Jul/2014:23:18:08 -0400] "GET http://www.soso.com/ HTTP/1.1" 403 5039
91.188.124.225 - - [25/Jul/2014:00:23:53 -0400] "GET http://www.google.com/search?q=wczasy HTTP/1.1" 404 204
91.188.124.225 - - [25/Jul/2014:00:23:54 -0400] "GET http://92.222.28.46/httptest.php HTTP/1.1" 404 210
91.188.124.225 - - [25/Jul/2014:00:24:02 -0400] "GET http://92.222.28.46/httptest.php HTTP/1.1" 404 210
91.188.124.225 - - [25/Jul/2014:00:24:02 -0400] "GET http://www.google.com/search?q=wp.pl HTTP/1.1" 404 204
91.188.124.225 - - [25/Jul/2014:02:18:52 -0400] "GET http://www.google.com/search?q=wczasy HTTP/1.1" 404 204
91.188.124.225 - - [25/Jul/2014:02:18:53 -0400] "GET http://92.222.28.46/httptest.php HTTP/1.1" 404 210
91.188.124.225 - - [25/Jul/2014:02:19:02 -0400] "GET http://92.222.28.46/httptest.php HTTP/1.1" 404 210
91.188.124.225 - - [25/Jul/2014:02:19:02 -0400] "GET http://www.google.com/search?q=onet.pl HTTP/1.1" 404 204
123.249.26.68 - - [25/Jul/2014:02:33:22 -0400] "GET http://www.sina.com.cn/ HTTP/1.1" 403 5039
212.59.30.110 - - [25/Jul/2014:04:19:11 -0400] "GET /manager/html HTTP/1.1" 404 210
91.188.124.225 - - [25/Jul/2014:06:25:53 -0400] "GET http://92.222.28.46/httptest.php HTTP/1.1" 404 210
91.188.124.225 - - [25/Jul/2014:06:25:55 -0400] "GET http://www.google.com/search?q=wakacje HTTP/1.1" 404 204
91.188.124.225 - - [25/Jul/2014:06:26:02 -0400] "GET http://92.222.28.46/httptest.php HTTP/1.1" 404 210
91.188.124.225 - - [25/Jul/2014:06:26:03 -0400] "GET http://www.google.com/search?q=wczasy HTTP/1.1" 404 204
60.169.73.124 - - [25/Jul/2014:07:11:35 -0400] "GET /manager/html HTTP/1.1" 404 210
74.207.246.143 - - [25/Jul/2014:07:26:31 -0400] "GET / HTTP/1.0" 403 5039
178.19.99.22 - - [25/Jul/2014:07:49:48 -0400] "GET http://37.28.156.211/sprawdza.php HTTP/1.1" 404 210
91.188.124.225 - - [25/Jul/2014:08:28:56 -0400] "GET http://92.222.28.46/httptest.php HTTP/1.1" 404 210
91.188.124.225 - - [25/Jul/2014:08:28:57 -0400] "GET http://www.google.com/search?q=wczasy HTTP/1.1" 404 204
91.188.124.225 - - [25/Jul/2014:08:29:03 -0400] "GET http://92.222.28.46/httptest.php HTTP/1.1" 404 210
91.188.124.225 - - [25/Jul/2014:08:29:04 -0400] "GET http://www.google.com/search?q=ostro%C5%82%C4%99ka HTTP/1.1" 404 204
91.188.124.225 - - [25/Jul/2014:10:38:52 -0400] "GET http://92.222.28.46/httptest.php HTTP/1.1" 404 210
91.188.124.225 - - [25/Jul/2014:10:38:52 -0400] "GET http://www.google.com/search?q=polska+najlepsza HTTP/1.1" 404 204
91.188.124.225 - - [25/Jul/2014:10:39:03 -0400] "GET http://92.222.28.46/httptest.php HTTP/1.1" 404 210
91.188.124.225 - - [25/Jul/2014:10:39:03 -0400] "GET http://www.google.com/search?q=wakacje HTTP/1.1" 404 204
50.116.15.188 - - [25/Jul/2014:11:28:56 -0400] "GET / HTTP/1.0" 403 5039
91.188.124.225 - - [25/Jul/2014:12:56:15 -0400] "GET http://92.222.28.46/httptest.php HTTP/1.1" 404 210
91.188.124.225 - - [25/Jul/2014:12:56:15 -0400] "GET http://www.google.com/search?q=wp.pl HTTP/1.1" 404 204
91.188.124.225 - - [25/Jul/2014:15:06:54 -0400] "GET http://92.222.28.46/httptest.php HTTP/1.1" 404 210
91.188.124.225 - - [25/Jul/2014:15:06:54 -0400] "GET http://www.google.com/search?q=wczasy HTTP/1.1" 404 204
91.188.124.225 - - [25/Jul/2014:15:07:03 -0400] "GET http://92.222.28.46/httptest.php HTTP/1.1" 404 210
91.188.124.225 - - [25/Jul/2014:15:07:03 -0400] "GET http://www.google.com/search?q=polska+najlepsza HTTP/1.1" 404 204
122.226.223.85 - - [25/Jul/2014:15:14:41 -0400] "GET /manager/html HTTP/1.1" 404 210
50.96.130.166 - - [25/Jul/2014:15:33:09 -0400] "\x80w\x01\x03\x01" 501 207
50.96.130.166 - - [25/Jul/2014:15:33:10 -0400] "GET /HNAP1/ HTTP/1.1" 404 204
91.188.124.225 - - [25/Jul/2014:17:13:41 -0400] "GET http://92.222.28.46/httptest.php HTTP/1.1" 404 210
91.188.124.225 - - [25/Jul/2014:17:13:41 -0400] "GET http://www.google.com/search?q=google HTTP/1.1" 404 204
178.19.99.22 - - [25/Jul/2014:17:29:50 -0400] "GET http://37.28.156.211/sprawdza.php HTTP/1.1" 404 210
91.188.124.225 - - [25/Jul/2014:19:23:14 -0400] "GET http://92.222.28.46/httptest.php HTTP/1.1" 404 210
91.188.124.225 - - [25/Jul/2014:19:23:15 -0400] "GET http://www.google.com/search?q=wczasy HTTP/1.1" 404 204
91.188.124.225 - - [25/Jul/2014:21:28:15 -0400] "GET http://92.222.28.46/httptest.php HTTP/1.1" 404 210
91.188.124.225 - - [25/Jul/2014:21:28:16 -0400] "GET http://www.google.com/search?q=wp.pl HTTP/1.1" 404 204
91.188.124.225 - - [25/Jul/2014:23:33:25 -0400] "GET http://92.222.28.46/httptest.php HTTP/1.1" 404 210
91.188.124.225 - - [25/Jul/2014:23:33:25 -0400] "GET http://www.google.com/search?q=onet.pl HTTP/1.1" 404 204
91.188.124.225 - - [26/Jul/2014:01:38:52 -0400] "GET http://92.222.28.46/httptest.php HTTP/1.1" 404 210
91.188.124.225 - - [26/Jul/2014:01:38:54 -0400] "GET http://www.google.com/search?q=wczasy HTTP/1.1" 404 204
91.188.124.225 - - [26/Jul/2014:01:39:02 -0400] "GET http://92.222.28.46/httptest.php HTTP/1.1" 404 210
91.188.124.225 - - [26/Jul/2014:01:39:04 -0400] "GET http://www.google.com/search?q=praca HTTP/1.1" 404 204
91.188.124.225 - - [26/Jul/2014:03:43:15 -0400] "GET http://92.222.28.46/httptest.php HTTP/1.1" 404 210
91.188.124.225 - - [26/Jul/2014:03:43:15 -0400] "GET http://www.google.com/search?q=wp.pl HTTP/1.1" 404 204
91.188.124.225 - - [26/Jul/2014:05:46:52 -0400] "GET http://92.222.28.46/httptest.php HTTP/1.1" 404 210
91.188.124.225 - - [26/Jul/2014:05:46:54 -0400] "GET http://www.google.com/search?q=praca HTTP/1.1" 404 204
91.188.124.225 - - [26/Jul/2014:05:47:02 -0400] "GET http://92.222.28.46/httptest.php HTTP/1.1" 404 210
91.188.124.225 - - [26/Jul/2014:05:47:03 -0400] "GET http://www.google.com/search?q=google HTTP/1.1" 404 204
162.242.223.43 - - [26/Jul/2014:06:44:03 -0400] "HEAD / HTTP/1.0" 403 -
50.116.15.188 - - [26/Jul/2014:06:44:51 -0400] "GET / HTTP/1.0" 403 5039
91.188.124.225 - - [26/Jul/2014:07:52:27 -0400] "GET http://92.222.28.46/httptest.php HTTP/1.1" 404 210
91.188.124.225 - - [26/Jul/2014:07:52:54 -0400] "GET http://www.google.com/search?q=wp.pl HTTP/1.1" 404 204
91.188.124.225 - - [26/Jul/2014:07:53:02 -0400] "GET http://www.google.com/search?q=wakacje HTTP/1.1" 404 204
91.188.124.225 - - [26/Jul/2014:09:59:16 -0400] "GET http://92.222.28.46/httptest.php HTTP/1.1" 404 210
91.188.124.225 - - [26/Jul/2014:09:59:16 -0400] "GET http://www.google.com/search?q=onet.pl HTTP/1.1" 404 204
111.160.216.59 - - [26/Jul/2014:10:51:35 -0400] "GET /manager/html HTTP/1.1" 404 210
91.188.124.225 - - [26/Jul/2014:12:02:15 -0400] "GET http://92.222.28.46/httptest.php HTTP/1.1" 404 210
91.188.124.225 - - [26/Jul/2014:12:02:16 -0400] "GET http://www.google.com/search?q=polska+najlepsza HTTP/1.1" 404 204
50.116.15.188 - - [26/Jul/2014:13:00:09 -0400] "GET / HTTP/1.0" 403 5039
60.173.8.240 - - [26/Jul/2014:13:05:15 -0400] "GET http://www.soso.com/ HTTP/1.1" 403 5039
60.173.8.240 - - [26/Jul/2014:13:05:18 -0400] "GET http://www.soso.com/ HTTP/1.1" 403 5039
74.207.246.143 - - [26/Jul/2014:13:48:22 -0400] "GET / HTTP/1.0" 403 5039
188.165.217.60 - - [26/Jul/2014:13:51:31 -0400] "GET http://proxy.supplies/backtrack/ HTTP/1.1" 404 208
91.188.124.225 - - [26/Jul/2014:14:03:15 -0400] "GET http://92.222.28.46/httptest.php HTTP/1.1" 404 210
91.188.124.225 - - [26/Jul/2014:14:03:15 -0400] "GET http://www.google.com/search?q=onet.pl HTTP/1.1" 404 204
91.188.124.225 - - [26/Jul/2014:15:58:15 -0400] "GET http://92.222.28.46/httptest.php HTTP/1.1" 404 210
91.188.124.225 - - [26/Jul/2014:15:58:16 -0400] "GET http://www.google.com/search?q=polska+najlepsza HTTP/1.1" 404 204
98.255.132.143 - - [26/Jul/2014:16:17:22 -0400] "\x80w\x01\x03\x01" 501 207
98.255.132.143 - - [26/Jul/2014:16:17:22 -0400] "GET /HNAP1/ HTTP/1.1" 404 204
91.188.124.225 - - [26/Jul/2014:17:51:54 -0400] "GET http://92.222.28.46/httptest.php HTTP/1.1" 404 210
91.188.124.225 - - [26/Jul/2014:17:51:57 -0400] "GET http://www.google.com/search?q=praca HTTP/1.1" 404 204
91.188.124.225 - - [26/Jul/2014:17:52:02 -0400] "GET http://92.222.28.46/httptest.php HTTP/1.1" 404 210
91.188.124.225 - - [26/Jul/2014:17:52:04 -0400] "GET http://www.google.com/search?q=google HTTP/1.1" 404 204
91.188.124.225 - - [26/Jul/2014:19:37:15 -0400] "GET http://92.222.28.46/httptest.php HTTP/1.1" 404 210
91.188.124.225 - - [26/Jul/2014:19:37:16 -0400] "GET http://www.google.com/search?q=wakacje HTTP/1.1" 404 204
91.188.124.225 - - [26/Jul/2014:21:27:54 -0400] "GET http://92.222.28.46/httptest.php HTTP/1.1" 404 210
91.188.124.225 - - [26/Jul/2014:21:27:55 -0400] "GET http://www.google.com/search?q=onet.pl HTTP/1.1" 404 204
91.188.124.225 - - [26/Jul/2014:21:28:06 -0400] "GET http://www.google.com/search?q=wp.pl HTTP/1.1" 404 204
91.188.124.225 - - [26/Jul/2014:21:28:06 -0400] "GET http://92.222.28.46/httptest.php HTTP/1.1" 404 210
24.240.119.211 - - [26/Jul/2014:23:17:12 -0400] "\x80w\x01\x03\x01" 501 207
24.240.119.211 - - [26/Jul/2014:23:17:12 -0400] "GET /HNAP1/ HTTP/1.1" 404 204
91.188.124.225 - - [26/Jul/2014:23:18:53 -0400] "GET http://92.222.28.46/httptest.php HTTP/1.1" 404 210
91.188.124.225 - - [26/Jul/2014:23:18:57 -0400] "GET http://www.google.com/search?q=wp.pl HTTP/1.1" 404 204
91.188.124.225 - - [26/Jul/2014:23:19:05 -0400] "GET http://92.222.28.46/httptest.php HTTP/1.1" 404 210
91.188.124.225 - - [26/Jul/2014:23:19:05 -0400] "GET http://www.google.com/search?q=polska+najlepsza HTTP/1.1" 404 204
91.188.124.225 - - [27/Jul/2014:01:09:51 -0400] "GET http://92.222.28.46/httptest.php HTTP/1.1" 404 210
91.188.124.225 - - [27/Jul/2014:01:09:52 -0400] "GET http://www.google.com/search?q=onet.pl HTTP/1.1" 404 204
50.116.15.188 - - [27/Jul/2014:01:19:35 -0400] "GET / HTTP/1.0" 403 5039
91.188.124.225 - - [27/Jul/2014:02:59:52 -0400] "GET http://92.222.28.46/httptest.php HTTP/1.1" 404 210
91.188.124.225 - - [27/Jul/2014:02:59:55 -0400] "GET http://www.google.com/search?q=wp.pl HTTP/1.1" 404 204
91.188.124.225 - - [27/Jul/2014:03:00:04 -0400] "GET http://92.222.28.46/httptest.php HTTP/1.1" 404 210
91.188.124.225 - - [27/Jul/2014:03:00:07 -0400] "GET http://www.google.com/search?q=onet.pl HTTP/1.1" 404 204
194.208.18.210 - - [27/Jul/2014:03:35:37 -0400] "\x80w\x01\x03\x01" 501 207
194.208.18.210 - - [27/Jul/2014:03:35:37 -0400] "GET /HNAP1/ HTTP/1.1" 404 204
91.188.124.225 - - [27/Jul/2014:04:50:50 -0400] "GET http://92.222.28.46/httptest.php HTTP/1.1" 404 210
91.188.124.225 - - [27/Jul/2014:04:50:53 -0400] "GET http://www.google.com/search?q=praca HTTP/1.1" 404 204
91.188.124.225 - - [27/Jul/2014:04:51:02 -0400] "GET http://92.222.28.46/httptest.php HTTP/1.1" 404 210
91.188.124.225 - - [27/Jul/2014:04:51:04 -0400] "GET http://www.google.com/search?q=polska+najlepsza HTTP/1.1" 404 204
119.48.248.77 - - [27/Jul/2014:06:06:39 -0400] "GET /zmeu/zmeu.jsp HTTP/1.0" 404 211
119.48.248.77 - - [27/Jul/2014:06:06:40 -0400] "GET /iddqd/iddqd.jsp HTTP/1.0" 404 213
119.48.248.77 - - [27/Jul/2014:06:06:41 -0400] "GET /iesvc/iesvc.jsp HTTP/1.0" 404 213
119.48.248.77 - - [27/Jul/2014:06:06:42 -0400] "GET /wstats/wstats.jsp HTTP/1.0" 404 215
119.48.248.77 - - [27/Jul/2014:06:06:43 -0400] "GET /zecmd/zecmd.jsp HTTP/1.0" 404 213
119.48.248.77 - - [27/Jul/2014:06:06:44 -0400] "GET /idsvc/idsvc.jsp HTTP/1.0" 404 213
119.48.248.77 - - [27/Jul/2014:06:06:44 -0400] "GET /wincfg/wincfg.jsp HTTP/1.0" 404 215
173.255.212.158 - - [27/Jul/2014:09:38:38 -0400] "GET / HTTP/1.0" 403 5039
219.235.8.189 - - [27/Jul/2014:11:40:05 -0400] "GET /manager/html HTTP/1.1" 404 210
91.188.124.232 - - [27/Jul/2014:19:26:08 -0400] "GET http://37.28.156.211/sprawdza.php HTTP/1.1" 404 210
74.207.246.143 - - [27/Jul/2014:20:48:15 -0400] "GET / HTTP/1.0" 403 5039
173.230.155.62 - - [28/Jul/2014:00:46:47 -0400] "GET / HTTP/1.0" 403 5039
173.230.155.62 - - [28/Jul/2014:04:59:16 -0400] "GET / HTTP/1.0" 403 5039
89.171.107.51 - - [28/Jul/2014:05:53:59 -0400] "\x80w\x01\x03\x01" 501 207
89.171.107.51 - - [28/Jul/2014:05:54:00 -0400] "GET /HNAP1/ HTTP/1.1" 404 204
111.253.249.217 - - [28/Jul/2014:06:38:41 -0400] "CONNECT 168.95.4.211:25 HTTP/1.1" 405 225
77.247.181.165 - - [28/Jul/2014:08:25:38 -0400] "GET / HTTP/1.1" 403 5039
211.167.86.7 - - [28/Jul/2014:13:42:28 -0400] "GET /manager/html HTTP/1.1" 404 210
91.188.124.232 - - [28/Jul/2014:16:08:36 -0400] "GET http://37.28.156.211/sprawdza.php HTTP/1.1" 404 210
186.67.35.171 - - [28/Jul/2014:17:29:01 -0400] "HEAD / HTTP/1.0" 403 -
50.116.15.188 - - [28/Jul/2014:18:12:08 -0400] "GET / HTTP/1.0" 403 5039
91.188.124.232 - - [29/Jul/2014:08:14:29 -0400] "GET http://37.28.156.211/sprawdza.php HTTP/1.1" 404 210
122.226.223.85 - - [29/Jul/2014:14:42:46 -0400] "GET /manager/html HTTP/1.1" 404 210
72.74.201.137 - - [29/Jul/2014:17:36:07 -0400] "\x80w\x01\x03\x01" 501 207
72.74.201.137 - - [29/Jul/2014:17:36:08 -0400] "GET /HNAP1/ HTTP/1.1" 404 204
91.188.124.232 - - [29/Jul/2014:19:40:31 -0400] "GET http://37.28.156.211/sprawdza.php HTTP/1.1" 404 210
91.188.124.225 - - [29/Jul/2014:21:48:14 -0400] "GET http://92.222.28.46/httptest.php HTTP/1.1" 404 210
91.188.124.225 - - [29/Jul/2014:21:48:15 -0400] "GET http://www.google.com/search?q=ostro%C5%82%C4%99ka HTTP/1.1" 404 204
91.188.124.225 - - [30/Jul/2014:00:36:14 -0400] "GET http://92.222.28.46/httptest.php HTTP/1.1" 404 210
91.188.124.225 - - [30/Jul/2014:00:36:14 -0400] "GET http://www.google.com/search?q=polska+najlepsza HTTP/1.1" 404 204
91.188.124.225 - - [30/Jul/2014:03:32:53 -0400] "GET http://www.google.com/search?q=polska+najlepsza HTTP/1.1" 404 204
91.188.124.225 - - [30/Jul/2014:03:33:04 -0400] "GET http://www.google.com/search?q=ostro%C5%82%C4%99ka HTTP/1.1" 404 204
91.188.124.225 - - [30/Jul/2014:03:33:14 -0400] "GET http://92.222.28.46/httptest.php HTTP/1.1" 404 210
115.29.10.203 - - [30/Jul/2014:05:05:27 -0400] "GET http://hotel.qunar.com/render/hoteldiv.jsp?&__jscallback=XQScript_4 HTTP/1.1" 404 217
91.188.124.225 - - [30/Jul/2014:06:28:14 -0400] "GET http://92.222.28.46/httptest.php HTTP/1.1" 404 210
91.188.124.225 - - [30/Jul/2014:06:28:15 -0400] "GET http://www.google.com/search?q=onet.pl HTTP/1.1" 404 204
31.31.76.149 - - [30/Jul/2014:08:24:17 -0400] "GET / HTTP/1.1" 403 5039
222.186.56.18 - - [30/Jul/2014:09:07:35 -0400] "GET /manager/html HTTP/1.1" 404 210
91.188.124.225 - - [30/Jul/2014:09:24:14 -0400] "GET http://92.222.28.46/httptest.php HTTP/1.1" 404 210
91.188.124.225 - - [30/Jul/2014:09:24:16 -0400] "GET http://www.google.com/search?q=praca HTTP/1.1" 404 204
91.188.124.225 - - [30/Jul/2014:12:22:27 -0400] "GET http://92.222.28.46/httptest.php HTTP/1.1" 404 210
91.188.124.225 - - [30/Jul/2014:12:22:29 -0400] "GET http://www.google.com/search?q=polska+najlepsza HTTP/1.1" 404 204
91.188.124.225 - - [30/Jul/2014:17:31:26 -0400] "GET http://www.google.pl/search?q=google HTTP/1.1" 404 204
91.188.124.225 - - [30/Jul/2014:17:31:26 -0400] "GET http://92.222.28.46/httptest.php HTTP/1.1" 404 210
91.188.124.232 - - [30/Jul/2014:19:37:23 -0400] "GET http://37.28.156.211/sprawdza.php HTTP/1.1" 404 210
91.188.124.225 - - [30/Jul/2014:20:28:13 -0400] "GET http://92.222.28.46/httptest.php HTTP/1.1" 404 210
91.188.124.225 - - [30/Jul/2014:20:28:14 -0400] "GET http://www.google.pl/search?q=polska+najlepsza HTTP/1.1" 404 204
91.188.124.225 - - [30/Jul/2014:23:49:15 -0400] "GET http://92.222.28.46/httptest.php HTTP/1.1" 404 210
91.188.124.225 - - [30/Jul/2014:23:49:15 -0400] "GET http://www.google.pl/search?q=onet.pl HTTP/1.1" 404 204
91.188.124.225 - - [31/Jul/2014:01:33:14 -0400] "GET http://92.222.28.46/httptest.php HTTP/1.1" 404 210
91.188.124.225 - - [31/Jul/2014:01:33:14 -0400] "GET http://www.google.pl/search?q=wakacje HTTP/1.1" 404 204
111.253.249.217 - - [31/Jul/2014:03:29:42 -0400] "CONNECT 168.95.4.211:25 HTTP/1.1" 405 225
42.156.250.119 - - [31/Jul/2014:04:49:11 -0400] "GET http://www.taobao.com/ HTTP/1.1" 403 5039
42.156.250.110 - - [31/Jul/2014:04:49:11 -0400] "GET http://www.taobao.com/ HTTP/1.1" 403 5039
42.156.250.115 - - [31/Jul/2014:04:49:11 -0400] "GET http://www.taobao.com/ HTTP/1.1" 403 5039
42.156.250.116 - - [31/Jul/2014:04:49:11 -0400] "GET http://www.taobao.com/ HTTP/1.1" 403 5039
42.156.250.114 - - [31/Jul/2014:04:49:11 -0400] "GET http://www.taobao.com/ HTTP/1.1" 403 5039
42.156.250.118 - - [31/Jul/2014:04:49:11 -0400] "GET http://www.taobao.com/ HTTP/1.1" 403 5039
42.156.250.117 - - [31/Jul/2014:04:49:11 -0400] "GET http://www.taobao.com/ HTTP/1.1" 403 5039
42.120.142.220 - - [31/Jul/2014:04:49:12 -0400] "GET http://www.taobao.com/ HTTP/1.1" 403 5039
42.156.250.112 - - [31/Jul/2014:04:49:12 -0400] "GET http://www.taobao.com/ HTTP/1.1" 403 5039
42.156.250.111 - - [31/Jul/2014:04:49:12 -0400] "GET http://www.taobao.com/ HTTP/1.1" 403 5039
42.120.142.223 - - [31/Jul/2014:04:49:12 -0400] "GET http://www.taobao.com/ HTTP/1.1" 403 5039
42.120.142.222 - - [31/Jul/2014:04:49:13 -0400] "GET http://www.taobao.com/ HTTP/1.1" 403 5039
42.120.142.221 - - [31/Jul/2014:04:49:13 -0400] "GET http://www.taobao.com/ HTTP/1.1" 403 5039
122.226.223.69 - - [31/Jul/2014:05:09:01 -0400] "GET http://www.k2proxy.com//hello.html HTTP/1.1" 404 209
31.3.228.139 - - [31/Jul/2014:17:06:01 -0400] "\x16\x03\x01" 501 205
31.3.228.139 - - [31/Jul/2014:17:06:01 -0400] "\x16\x03\x01" 501 205
91.188.124.232 - - [31/Jul/2014:21:42:55 -0400] "GET http://37.28.156.211/sprawdza.php HTTP/1.1" 404 210
93.174.93.51 - - [31/Jul/2014:23:49:22 -0400] "GET http://ipv4scan.com/hello/check.txt HTTP/1.1" 404 213
174.139.1.202 - - [01/Aug/2014:06:30:57 -0400] "GET /web-console/ServerInfo.jsp HTTP/1.1" 404 224
123.151.149.222 - - [01/Aug/2014:13:26:55 -0400] "GET http://www.baidu.com/ HTTP/1.1" 403 5039
91.188.124.225 - - [01/Aug/2014:13:44:14 -0400] "GET http://www.google.pl/search?q=praca HTTP/1.1" 404 204
91.188.124.225 - - [01/Aug/2014:13:44:14 -0400] "GET http://92.222.28.46/httptest.php HTTP/1.1" 404 210
91.188.124.225 - - [01/Aug/2014:16:12:55 -0400] "GET http://www.google.pl/search?q=wczasy HTTP/1.1" 404 204
91.188.124.225 - - [01/Aug/2014:16:13:04 -0400] "GET http://www.google.pl/search?q=ostro%C5%82%C4%99ka HTTP/1.1" 404 204
91.188.124.225 - - [01/Aug/2014:16:13:05 -0400] "GET http://92.222.28.46/httptest.php HTTP/1.1" 404 210
91.188.124.225 - - [01/Aug/2014:16:13:15 -0400] "GET http://92.222.28.46/httptest.php HTTP/1.1" 404 210
96.49.103.192 - - [01/Aug/2014:18:11:04 -0400] "\x80w\x01\x03\x01" 501 207
96.49.103.192 - - [01/Aug/2014:18:11:05 -0400] "GET /HNAP1/ HTTP/1.1" 404 204
91.188.124.225 - - [01/Aug/2014:18:40:14 -0400] "GET http://www.google.pl/search?q=wp.pl HTTP/1.1" 404 204
91.188.124.225 - - [01/Aug/2014:18:40:14 -0400] "GET http://92.222.28.46/httptest.php HTTP/1.1" 404 210
110.249.208.73 - - [01/Aug/2014:19:10:07 -0400] "GET http://www.daydaydata.com/proxy.txt HTTP/1.1" 404 207
91.188.124.225 - - [01/Aug/2014:21:07:26 -0400] "GET http://www.google.pl/search?q=wczasy HTTP/1.1" 404 204
91.188.124.225 - - [01/Aug/2014:21:07:26 -0400] "GET http://92.222.28.46/httptest.php HTTP/1.1" 404 210
91.188.124.232 - - [01/Aug/2014:21:35:40 -0400] "GET http://37.28.156.211/sprawdza.php HTTP/1.1" 404 210
91.188.124.225 - - [01/Aug/2014:23:49:54 -0400] "GET http://www.google.pl/search?q=onet.pl HTTP/1.1" 404 204
91.188.124.225 - - [01/Aug/2014:23:49:54 -0400] "GET http://92.222.28.46/httptest.php HTTP/1.1" 404 210
91.188.124.225 - - [01/Aug/2014:23:50:02 -0400] "GET http://92.222.28.46/httptest.php HTTP/1.1" 404 210
91.188.124.225 - - [01/Aug/2014:23:50:02 -0400] "GET http://www.google.pl/search?q=wczasy HTTP/1.1" 404 204
91.188.124.225 - - [02/Aug/2014:02:26:39 -0400] "GET http://www.google.pl/search?q=praca HTTP/1.1" 404 204
91.188.124.225 - - [02/Aug/2014:02:26:52 -0400] "GET http://92.222.28.46/httptest.php HTTP/1.1" 404 210
91.188.124.225 - - [02/Aug/2014:02:27:02 -0400] "GET http://92.222.28.46/httptest.php HTTP/1.1" 404 210
91.188.124.225 - - [02/Aug/2014:05:01:52 -0400] "GET http://92.222.28.46/httptest.php HTTP/1.1" 404 210
91.188.124.225 - - [02/Aug/2014:05:01:53 -0400] "GET http://www.google.pl/search?q=onet.pl HTTP/1.1" 404 204
91.188.124.225 - - [02/Aug/2014:05:02:02 -0400] "GET http://www.google.pl/search?q=wczasy HTTP/1.1" 404 204
91.188.124.225 - - [02/Aug/2014:05:02:02 -0400] "GET http://92.222.28.46/httptest.php HTTP/1.1" 404 210
91.188.124.225 - - [02/Aug/2014:07:38:52 -0400] "GET http://92.222.28.46/httptest.php HTTP/1.1" 404 210
91.188.124.225 - - [02/Aug/2014:07:38:52 -0400] "GET http://www.google.pl/search?q=google HTTP/1.1" 404 204
91.188.124.225 - - [02/Aug/2014:07:39:02 -0400] "GET http://92.222.28.46/httptest.php HTTP/1.1" 404 210
91.188.124.225 - - [02/Aug/2014:07:39:02 -0400] "GET http://www.google.pl/search?q=polska+najlepsza HTTP/1.1" 404 204
91.188.124.225 - - [02/Aug/2014:10:15:53 -0400] "GET http://92.222.28.46/httptest.php HTTP/1.1" 404 210
91.188.124.225 - - [02/Aug/2014:10:15:53 -0400] "GET http://www.google.pl/search?q=praca HTTP/1.1" 404 204
91.188.124.225 - - [02/Aug/2014:10:16:03 -0400] "GET http://www.google.pl/search?q=praca HTTP/1.1" 404 204
91.188.124.225 - - [02/Aug/2014:10:16:03 -0400] "GET http://92.222.28.46/httptest.php HTTP/1.1" 404 210
91.188.124.232 - - [02/Aug/2014:11:38:14 -0400] "GET http://37.28.156.211/sprawdza.php HTTP/1.1" 404 210
99.32.103.17 - - [02/Aug/2014:11:40:17 -0400] "\x80w\x01\x03\x01" 501 207
99.32.103.17 - - [02/Aug/2014:11:40:17 -0400] "GET /HNAP1/ HTTP/1.1" 404 204
2.229.27.202 - - [02/Aug/2014:11:57:49 -0400] "GET /manager/html HTTP/1.1" 404 210
91.188.124.225 - - [02/Aug/2014:12:53:53 -0400] "GET http://www.google.pl/search?q=polska+najlepsza HTTP/1.1" 404 204
91.188.124.225 - - [02/Aug/2014:12:53:53 -0400] "GET http://92.222.28.46/httptest.php HTTP/1.1" 404 210
91.188.124.225 - - [02/Aug/2014:12:54:02 -0400] "GET http://www.google.pl/search?q=wakacje HTTP/1.1" 404 204
91.188.124.225 - - [02/Aug/2014:12:54:03 -0400] "GET http://92.222.28.46/httptest.php HTTP/1.1" 404 210
91.188.124.225 - - [02/Aug/2014:15:30:52 -0400] "GET http://92.222.28.46/httptest.php HTTP/1.1" 404 210
91.188.124.225 - - [02/Aug/2014:15:30:53 -0400] "GET http://www.google.pl/search?q=polska+najlepsza HTTP/1.1" 404 204
91.188.124.225 - - [02/Aug/2014:15:31:02 -0400] "GET http://www.google.pl/search?q=praca HTTP/1.1" 404 204
91.188.124.225 - - [02/Aug/2014:15:31:02 -0400] "GET http://92.222.28.46/httptest.php HTTP/1.1" 404 210
93.174.95.55 - - [02/Aug/2014:16:02:16 -0400] "HEAD / HTTP/1.0" 403 -
98.24.27.238 - - [02/Aug/2014:17:25:06 -0400] "\x80w\x01\x03\x01" 501 207
98.24.27.238 - - [02/Aug/2014:17:25:06 -0400] "GET /HNAP1/ HTTP/1.1" 404 204
91.188.124.225 - - [02/Aug/2014:18:06:52 -0400] "GET http://www.google.pl/search?q=onet.pl HTTP/1.1" 404 204
91.188.124.225 - - [02/Aug/2014:18:06:53 -0400] "GET http://92.222.28.46/httptest.php HTTP/1.1" 404 210
91.188.124.225 - - [02/Aug/2014:18:07:02 -0400] "GET http://92.222.28.46/httptest.php HTTP/1.1" 404 210
91.188.124.225 - - [02/Aug/2014:18:07:02 -0400] "GET http://www.google.pl/search?q=onet.pl HTTP/1.1" 404 204
91.188.124.225 - - [02/Aug/2014:20:44:52 -0400] "GET http://92.222.28.46/httptest.php HTTP/1.1" 404 210
91.188.124.225 - - [02/Aug/2014:20:44:53 -0400] "GET http://www.google.pl/search?q=google HTTP/1.1" 404 204
91.188.124.225 - - [02/Aug/2014:20:45:02 -0400] "GET http://92.222.28.46/httptest.php HTTP/1.1" 404 210
91.188.124.225 - - [02/Aug/2014:20:45:02 -0400] "GET http://www.google.pl/search?q=wp.pl HTTP/1.1" 404 204
91.188.124.232 - - [02/Aug/2014:22:01:59 -0400] "GET http://37.28.156.211/sprawdza.php HTTP/1.1" 404 210
91.188.124.225 - - [02/Aug/2014:22:59:38 -0400] "GET http://92.222.28.46/httptest.php HTTP/1.1" 404 210
91.188.124.225 - - [02/Aug/2014:22:59:39 -0400] "GET http://www.google.pl/search?q=onet.pl HTTP/1.1" 404 204
72.228.143.220 - - [02/Aug/2014:23:54:36 -0400] "CONNECT 206.17.175.121:6112 HTTP/1.1" 405 225
91.188.124.225 - - [03/Aug/2014:02:22:15 -0400] "GET http://www.google.pl/search?q=google HTTP/1.1" 404 204
91.188.124.225 - - [03/Aug/2014:02:22:16 -0400] "GET http://92.222.28.46/httptest.php HTTP/1.1" 404 210
217.26.71.3 - - [03/Aug/2014:05:35:29 -0400] "GET / HTTP/1.0" 403 5039
217.26.71.3 - - [03/Aug/2014:05:46:39 -0400] "POST /content.php HTTP/1.1" 404 209
217.26.71.3 - - [03/Aug/2014:05:46:40 -0400] "\x80:\x01\x03\x01" 501 207
186.177.34.23 - - [03/Aug/2014:07:07:36 -0400] "\x80w\x01\x03\x01" 501 207
186.177.34.23 - - [03/Aug/2014:07:07:36 -0400] "GET /HNAP1/ HTTP/1.1" 404 204
91.188.124.225 - - [03/Aug/2014:10:05:15 -0400] "GET http://92.222.28.46/httptest.php HTTP/1.1" 404 210
91.188.124.225 - - [03/Aug/2014:10:05:15 -0400] "GET http://www.google.pl/search?q=ostro%C5%82%C4%99ka HTTP/1.1" 404 204
91.188.124.225 - - [03/Aug/2014:11:07:15 -0400] "GET http://www.google.pl/search?q=praca HTTP/1.1" 404 204
91.188.124.225 - - [03/Aug/2014:11:07:15 -0400] "GET http://92.222.28.46/httptest.php HTTP/1.1" 404 210
91.188.124.225 - - [03/Aug/2014:12:09:14 -0400] "GET http://92.222.28.46/httptest.php HTTP/1.1" 404 210
91.188.124.225 - - [03/Aug/2014:12:09:14 -0400] "GET http://www.google.pl/search?q=ostro%C5%82%C4%99ka HTTP/1.1" 404 204
91.188.124.225 - - [03/Aug/2014:14:10:15 -0400] "GET http://92.222.28.46/httptest.php HTTP/1.1" 404 210
91.188.124.225 - - [03/Aug/2014:14:10:16 -0400] "GET http://www.google.pl/search?q=wczasy HTTP/1.1" 404 204
67.246.185.71 - - [03/Aug/2014:15:05:22 -0400] "\x80w\x01\x03\x01" 501 207
67.246.185.71 - - [03/Aug/2014:15:05:23 -0400] "GET /HNAP1/ HTTP/1.1" 404 204
91.188.124.225 - - [03/Aug/2014:15:13:15 -0400] "GET http://www.google.pl/search?q=wczasy HTTP/1.1" 404 204
91.188.124.225 - - [03/Aug/2014:15:13:16 -0400] "GET http://92.222.28.46/httptest.php HTTP/1.1" 404 210
91.188.124.225 - - [03/Aug/2014:16:15:15 -0400] "GET http://www.google.pl/search?q=ostro%C5%82%C4%99ka HTTP/1.1" 404 204
91.188.124.225 - - [03/Aug/2014:16:15:17 -0400] "GET http://92.222.28.46/httptest.php HTTP/1.1" 404 210
91.188.124.225 - - [03/Aug/2014:17:18:14 -0400] "GET http://92.222.28.46/httptest.php HTTP/1.1" 404 210
91.188.124.225 - - [03/Aug/2014:17:18:15 -0400] "GET http://www.google.pl/search?q=polska+najlepsza HTTP/1.1" 404 204
91.188.124.225 - - [03/Aug/2014:18:20:15 -0400] "GET http://92.222.28.46/httptest.php HTTP/1.1" 404 210
91.188.124.225 - - [03/Aug/2014:18:20:16 -0400] "GET http://www.google.pl/search?q=onet.pl HTTP/1.1" 404 204
91.188.124.225 - - [03/Aug/2014:19:22:16 -0400] "GET http://www.google.pl/search?q=wakacje HTTP/1.1" 404 204
91.188.124.225 - - [03/Aug/2014:19:22:16 -0400] "GET http://92.222.28.46/httptest.php HTTP/1.1" 404 210
91.188.124.225 - - [03/Aug/2014:20:25:27 -0400] "GET http://92.222.28.46/httptest.php HTTP/1.1" 404 210
91.188.124.225 - - [03/Aug/2014:20:25:27 -0400] "GET http://www.google.pl/search?q=wakacje HTTP/1.1" 404 204
91.188.124.232 - - [03/Aug/2014:20:30:58 -0400] "GET http://37.28.156.211/sprawdza.php HTTP/1.1" 404 210
91.188.124.225 - - [03/Aug/2014:21:29:13 -0400] "GET http://92.222.28.46/httptest.php HTTP/1.1" 404 210
91.188.124.225 - - [03/Aug/2014:21:29:14 -0400] "GET http://www.google.pl/search?q=google HTTP/1.1" 404 204
218.245.6.22 - - [03/Aug/2014:21:36:19 -0400] "GET /manager/html HTTP/1.1" 404 210
77.87.78.234 - - [03/Aug/2014:21:58:30 -0400] "GET http://37.28.156.211/sprawdza.php HTTP/1.1" 404 210
77.87.78.234 - - [03/Aug/2014:21:58:42 -0400] "GET http://37.28.156.211/sprawdza.php HTTP/1.1" 404 210
77.87.78.234 - - [03/Aug/2014:21:59:02 -0400] "GET http://37.28.156.211/sprawdza.php HTTP/1.1" 404 210
91.188.124.225 - - [03/Aug/2014:22:51:15 -0400] "GET http://92.222.28.46/httptest.php HTTP/1.1" 404 210
91.188.124.225 - - [03/Aug/2014:22:51:15 -0400] "GET http://www.google.pl/search?q=google HTTP/1.1" 404 204
91.188.124.225 - - [04/Aug/2014:00:25:06 -0400] "GET http://www.google.pl/search?q=wczasy HTTP/1.1" 404 204
91.188.124.225 - - [04/Aug/2014:00:25:15 -0400] "GET http://92.222.28.46/httptest.php HTTP/1.1" 404 210
91.188.124.225 - - [04/Aug/2014:01:58:14 -0400] "GET http://www.google.pl/search?q=polska+najlepsza HTTP/1.1" 404 204
91.188.124.225 - - [04/Aug/2014:01:58:15 -0400] "GET http://92.222.28.46/httptest.php HTTP/1.1" 404 210
91.188.124.225 - - [04/Aug/2014:03:32:14 -0400] "GET http://www.google.pl/search?q=praca HTTP/1.1" 404 204
91.188.124.225 - - [04/Aug/2014:03:32:14 -0400] "GET http://92.222.28.46/httptest.php HTTP/1.1" 404 210
95.132.95.241 - - [04/Aug/2014:04:16:47 -0400] "GET http://www.google.com/ HTTP/1.0" 403 5039
222.209.4.180 - - [04/Aug/2014:05:05:04 -0400] "GET http://hotel.qunar.com/render/hoteldiv.jsp?&__jscallback=XQScript_4 HTTP/1.1" 404 217
91.188.124.225 - - [04/Aug/2014:05:06:15 -0400] "GET http://www.google.pl/search?q=praca HTTP/1.1" 404 204
91.188.124.225 - - [04/Aug/2014:05:06:16 -0400] "GET http://92.222.28.46/httptest.php HTTP/1.1" 404 210
91.188.124.225 - - [04/Aug/2014:06:40:15 -0400] "GET http://www.google.pl/search?q=praca HTTP/1.1" 404 204
91.188.124.225 - - [04/Aug/2014:06:40:16 -0400] "GET http://92.222.28.46/httptest.php HTTP/1.1" 404 210
77.87.78.234 - - [04/Aug/2014:07:22:30 -0400] "GET http://37.28.156.211/sprawdza.php HTTP/1.1" 404 210
91.188.124.232 - - [04/Aug/2014:08:11:16 -0400] "GET http://37.28.156.211/sprawdza.php HTTP/1.1" 404 210
91.188.124.225 - - [04/Aug/2014:08:13:15 -0400] "GET http://92.222.28.46/httptest.php HTTP/1.1" 404 210
91.188.124.225 - - [04/Aug/2014:08:13:16 -0400] "GET http://www.google.pl/search?q=wp.pl HTTP/1.1" 404 204
111.253.251.106 - - [04/Aug/2014:09:18:38 -0400] "CONNECT 168.95.4.211:25 HTTP/1.1" 405 225
91.188.124.225 - - [04/Aug/2014:09:47:28 -0400] "GET http://92.222.28.46/httptest.php HTTP/1.1" 404 210
91.188.124.225 - - [04/Aug/2014:09:47:28 -0400] "GET http://www.google.pl/search?q=onet.pl HTTP/1.1" 404 204
78.135.96.120 - - [04/Aug/2014:15:28:07 -0400] "\x80g\x01\x03\x01" 501 207
91.188.124.225 - - [04/Aug/2014:15:34:16 -0400] "GET http://92.222.28.46/httptest.php HTTP/1.1" 404 210
91.188.124.225 - - [04/Aug/2014:15:34:18 -0400] "GET http://www.google.pl/search?q=praca HTTP/1.1" 404 204
91.188.124.225 - - [04/Aug/2014:16:37:15 -0400] "GET http://www.google.pl/search?q=polska+najlepsza HTTP/1.1" 404 204
91.188.124.225 - - [04/Aug/2014:16:37:15 -0400] "GET http://92.222.28.46/httptest.php HTTP/1.1" 404 210
91.188.124.225 - - [04/Aug/2014:17:40:41 -0400] "GET http://www.google.pl/search?q=polska+najlepsza HTTP/1.1" 404 204
91.188.124.225 - - [04/Aug/2014:17:40:42 -0400] "GET http://92.222.28.46/httptest.php HTTP/1.1" 404 210
91.188.124.225 - - [04/Aug/2014:18:45:18 -0400] "GET http://92.222.28.46/httptest.php HTTP/1.1" 404 210
91.188.124.225 - - [04/Aug/2014:18:45:19 -0400] "GET http://www.google.pl/search?q=wczasy HTTP/1.1" 404 204
93.174.95.55 - - [04/Aug/2014:19:44:43 -0400] "HEAD / HTTP/1.0" 403 -
91.188.124.225 - - [04/Aug/2014:20:05:53 -0400] "GET http://92.222.28.46/httptest.php HTTP/1.1" 404 210
91.188.124.225 - - [04/Aug/2014:20:05:54 -0400] "GET http://www.google.pl/search?q=praca HTTP/1.1" 404 204
91.188.124.225 - - [04/Aug/2014:20:06:02 -0400] "GET http://92.222.28.46/httptest.php HTTP/1.1" 404 210
91.188.124.225 - - [04/Aug/2014:20:06:03 -0400] "GET http://www.google.pl/search?q=wczasy HTTP/1.1" 404 204
91.188.124.225 - - [04/Aug/2014:21:30:16 -0400] "GET http://www.google.pl/search?q=google HTTP/1.1" 404 204
91.188.124.225 - - [04/Aug/2014:21:30:17 -0400] "GET http://92.222.28.46/httptest.php HTTP/1.1" 404 210
91.188.124.232 - - [04/Aug/2014:22:06:50 -0400] "GET http://37.28.156.211/sprawdza.php HTTP/1.1" 404 210
91.188.124.225 - - [04/Aug/2014:22:36:15 -0400] "GET http://www.google.pl/search?q=polska+najlepsza HTTP/1.1" 404 204
91.188.124.225 - - [04/Aug/2014:22:36:15 -0400] "GET http://92.222.28.46/httptest.php HTTP/1.1" 404 210
91.188.124.225 - - [04/Aug/2014:23:44:16 -0400] "GET http://www.google.pl/search?q=wakacje HTTP/1.1" 404 204
91.188.124.225 - - [04/Aug/2014:23:44:16 -0400] "GET http://92.222.28.46/httptest.php HTTP/1.1" 404 210
38.68.14.136 - - [04/Aug/2014:23:50:03 -0400] "CONNECT 74.125.227.242:80 HTTP/1.0" 405 225
38.68.14.136 - - [04/Aug/2014:23:50:14 -0400] "GET http://www.google.com/search?btnG=1&filter=0&start=0&q=facebook.com HTTP/1.1" 404 204
91.188.124.225 - - [05/Aug/2014:00:50:18 -0400] "GET http://www.google.pl/search?q=wakacje HTTP/1.1" 404 204
91.188.124.225 - - [05/Aug/2014:00:50:19 -0400] "GET http://92.222.28.46/httptest.php HTTP/1.1" 404 210
91.188.124.225 - - [05/Aug/2014:01:56:15 -0400] "GET http://92.222.28.46/httptest.php HTTP/1.1" 404 210
91.188.124.225 - - [05/Aug/2014:01:56:15 -0400] "GET http://www.google.pl/search?q=polska+najlepsza HTTP/1.1" 404 204
91.188.124.225 - - [05/Aug/2014:03:02:15 -0400] "GET http://www.google.pl/search?q=google HTTP/1.1" 404 204
91.188.124.225 - - [05/Aug/2014:03:02:15 -0400] "GET http://92.222.28.46/httptest.php HTTP/1.1" 404 210
91.188.124.225 - - [05/Aug/2014:04:07:15 -0400] "GET http://www.google.pl/search?q=onet.pl HTTP/1.1" 404 204
91.188.124.225 - - [05/Aug/2014:04:07:16 -0400] "GET http://92.222.28.46/httptest.php HTTP/1.1" 404 210
91.188.124.225 - - [05/Aug/2014:05:15:15 -0400] "GET http://92.222.28.46/httptest.php HTTP/1.1" 404 210
91.188.124.225 - - [05/Aug/2014:05:15:15 -0400] "GET http://www.google.pl/search?q=onet.pl HTTP/1.1" 404 204
91.188.124.225 - - [05/Aug/2014:06:21:17 -0400] "GET http://92.222.28.46/httptest.php HTTP/1.1" 404 210
91.188.124.225 - - [05/Aug/2014:06:21:18 -0400] "GET http://www.google.pl/search?q=praca HTTP/1.1" 404 204
114.227.4.16 - - [05/Aug/2014:06:43:05 -0400] "GET http://ip.qq.com/ HTTP/1.1" 403 5039
91.188.124.225 - - [05/Aug/2014:07:29:15 -0400] "GET http://92.222.28.46/httptest.php HTTP/1.1" 404 210
91.188.124.225 - - [05/Aug/2014:07:29:15 -0400] "GET http://www.google.pl/search?q=praca HTTP/1.1" 404 204
91.188.124.225 - - [05/Aug/2014:08:37:15 -0400] "GET http://www.google.pl/search?q=wczasy HTTP/1.1" 404 204
91.188.124.225 - - [05/Aug/2014:08:37:15 -0400] "GET http://92.222.28.46/httptest.php HTTP/1.1" 404 210
91.188.124.225 - - [05/Aug/2014:09:43:15 -0400] "GET http://92.222.28.46/httptest.php HTTP/1.1" 404 210
91.188.124.225 - - [05/Aug/2014:09:43:15 -0400] "GET http://www.google.pl/search?q=ostro%C5%82%C4%99ka HTTP/1.1" 404 204
91.188.124.225 - - [05/Aug/2014:10:51:16 -0400] "GET http://92.222.28.46/httptest.php HTTP/1.1" 404 210
91.188.124.225 - - [05/Aug/2014:10:51:16 -0400] "GET http://www.google.pl/search?q=wakacje HTTP/1.1" 404 204
91.188.124.225 - - [05/Aug/2014:11:58:54 -0400] "GET http://92.222.28.46/httptest.php HTTP/1.1" 404 210
91.188.124.225 - - [05/Aug/2014:11:58:55 -0400] "GET http://www.google.pl/search?q=google HTTP/1.1" 404 204
91.188.124.225 - - [05/Aug/2014:11:59:02 -0400] "GET http://92.222.28.46/httptest.php HTTP/1.1" 404 210
91.188.124.225 - - [05/Aug/2014:11:59:03 -0400] "GET http://www.google.pl/search?q=wczasy HTTP/1.1" 404 204
91.188.124.225 - - [05/Aug/2014:13:07:16 -0400] "GET http://92.222.28.46/httptest.php HTTP/1.1" 404 210
91.188.124.225 - - [05/Aug/2014:13:07:16 -0400] "GET http://www.google.pl/search?q=praca HTTP/1.1" 404 204
91.188.124.225 - - [05/Aug/2014:14:15:15 -0400] "GET http://92.222.28.46/httptest.php HTTP/1.1" 404 210
91.188.124.225 - - [05/Aug/2014:14:15:17 -0400] "GET http://www.google.pl/search?q=ostro%C5%82%C4%99ka HTTP/1.1" 404 204
91.188.124.225 - - [05/Aug/2014:15:22:15 -0400] "GET http://92.222.28.46/httptest.php HTTP/1.1" 404 210
91.188.124.225 - - [05/Aug/2014:15:22:15 -0400] "GET http://www.google.pl/search?q=wp.pl HTTP/1.1" 404 204
91.188.124.225 - - [05/Aug/2014:16:30:15 -0400] "GET http://92.222.28.46/httptest.php HTTP/1.1" 404 210
91.188.124.225 - - [05/Aug/2014:16:30:16 -0400] "GET http://www.google.pl/search?q=wakacje HTTP/1.1" 404 204
91.188.124.225 - - [05/Aug/2014:17:37:16 -0400] "GET http://www.google.pl/search?q=praca HTTP/1.1" 404 204
91.188.124.225 - - [05/Aug/2014:17:37:28 -0400] "GET http://92.222.28.46/httptest.php HTTP/1.1" 404 210
91.188.124.225 - - [05/Aug/2014:18:43:15 -0400] "GET http://92.222.28.46/httptest.php HTTP/1.1" 404 210
91.188.124.225 - - [05/Aug/2014:18:43:15 -0400] "GET http://www.google.pl/search?q=ostro%C5%82%C4%99ka HTTP/1.1" 404 204
91.188.124.225 - - [05/Aug/2014:19:51:14 -0400] "GET http://92.222.28.46/httptest.php HTTP/1.1" 404 210
91.188.124.225 - - [05/Aug/2014:19:51:14 -0400] "GET http://www.google.pl/search?q=polska+najlepsza HTTP/1.1" 404 204
91.188.124.225 - - [05/Aug/2014:20:58:14 -0400] "GET http://92.222.28.46/httptest.php HTTP/1.1" 404 210
91.188.124.225 - - [05/Aug/2014:20:58:15 -0400] "GET http://www.google.pl/search?q=polska+najlepsza HTTP/1.1" 404 204
91.188.124.225 - - [05/Aug/2014:22:05:15 -0400] "GET http://92.222.28.46/httptest.php HTTP/1.1" 404 210
91.188.124.225 - - [05/Aug/2014:22:10:13 -0400] "GET http://www.google.pl/search?q=ostro%C5%82%C4%99ka HTTP/1.1" 404 204
91.188.124.225 - - [05/Aug/2014:22:10:22 -0400] "GET http://www.google.pl/search?q=wczasy HTTP/1.1" 404 204
91.188.124.232 - - [05/Aug/2014:22:21:04 -0400] "GET http://37.28.156.211/sprawdza.php HTTP/1.1" 404 210
77.87.78.234 - - [05/Aug/2014:22:35:23 -0400] "GET http://37.28.156.211/sprawdza.php HTTP/1.1" 404 210
91.188.124.225 - - [05/Aug/2014:23:13:15 -0400] "GET http://92.222.28.46/httptest.php HTTP/1.1" 404 210
91.188.124.225 - - [05/Aug/2014:23:25:39 -0400] "GET http://www.google.pl/search?q=ostro%C5%82%C4%99ka HTTP/1.1" 404 204
91.188.124.225 - - [06/Aug/2014:01:05:31 -0400] "GET http://92.222.28.46/httptest.php HTTP/1.1" 404 210
91.188.124.225 - - [06/Aug/2014:01:10:56 -0400] "GET http://www.google.pl/search?q=google HTTP/1.1" 404 204
91.188.124.225 - - [06/Aug/2014:01:11:04 -0400] "GET http://www.google.pl/search?q=polska+najlepsza HTTP/1.1" 404 204
209.255.30.251 - - [06/Aug/2014:02:09:55 -0400] "\x80w\x01\x03\x01" 501 207
209.255.30.251 - - [06/Aug/2014:02:09:55 -0400] "GET /HNAP1/ HTTP/1.1" 404 204
